[cleanecotech8.wixsite.com/safe-guard-north-woo.html]
[static.parastorage.com/unpkg/core-js-bundle@3.2.1/minified.js]
[static.parastorage.com/unpkg/@formatjs/intl-segmenter@11.7.10/polyfill.iife.js]
[static.parastorage.com/unpkg/focus-within-polyfill@5.0.9/dist/focus-within-polyfill.js]
[cleanecotech8.wixsite.com/c.4.delayed]
[cleanecotech8.wixsite.com/t.5.delayed]
[backblue.gif]
[fade.gif]
[index.html]
[cleanecotech8.wixsite.com/index.html]
[static.wixstatic.com/media/84770f_9298af226c7c4a908a201ec58e11bd9e_mv2.png/v1/fill/w_63,h_63,al_c,q_85,usm_0.66_1.00_0.01,blur_1,e/84770f_9298af226c7c4a908a201ec58e11bd9e_mv2.6.del]
[cleanecotech8.wixsite.com/safe-guard-north-woo/rat.html]
[cleanecotech8.wixsite.com/safe-guard-north-woo/copy-of-rat-mouse-control.html]
[cleanecotech8.wixsite.com/safe-guard-north-woo/copy-of-bedbug-flea-control.html]
[cleanecotech8.wixsite.com/safe-guard-north-woo/copy-of-cockroach-control.html]
[cleanecotech8.wixsite.com/safe-guard-north-woo/copy-of-ant-insect-control.html]
[cleanecotech8.wixsite.com/safe-guard-north-woo/about-6.html]
[cleanecotech8.wixsite.com/safe-guard-north-woo/contact-4.html]
[static.wixstatic.com/media/23fd2a2be53141ed810f4d3dcdcd01fa.png/v1/fill/w_22,h_22,al_c,q_85,usm_0.66_1.00_0.01,enc_avif,quality_auto/23fd2a2be53141ed810f4d3dcdcd01fa.png]
[static.wixstatic.com/media/8f6869_30ad6932933b419e9acb1da72407e560_mv2.png/v1/fill/w_49,h_35,al_c,q_85,usm_0.66_1.00_0.01,blur_2,e/8f6869_30ad6932933b419e9acb1da72407e560_mv2.e.del]
[static.wixstatic.com/media/8f6869_ce5f58d775af4fb99512ae710459ad5e_mv2.png/v1/crop/x_663,y_33,w_843,h_1221/fill/w_253,h_366,al_c,q_85,usm_0.66_1.00_0.01,enc/bedbugs & fleas control]
[static.wixstatic.com/media/8f6869_888aca66b2364f7e8ceb105b9937f241_mv2.png/v1/crop/x_530,y_97,w_853,h_1227/fill/w_256,h_368,al_c,q_85,usm_0.66_1.00_0.01,enc_/wasps control.f.delaye]
[static.wixstatic.com/media/8f6869_428a9b15c2f44e3eb54fe622e052b2de_mv2.png/v1/crop/x_577,y_110,w_850,h_1221/fill/w_255,h_366,al_c,q_85,usm_0.66_1.00_0.01,en/squirrel control.11.del]
[static.wixstatic.com/media/203dcdc2ac8b48de89313f90d2a4cda1.png/v1/fill/w_22,h_22,al_c,q_85,usm_0.66_1.00_0.01,enc_avif,quality_auto/203dcdc2ac8b48de89313f90d2a4cda1.png]
[static.wixstatic.com/media/8f6869_daaeaefedaec4f15a70419bffef026d0_mv2.png/v1/crop/x_577,y_93,w_847,h_1231/fill/w_254,h_369,al_c,q_85,usm_0.66_1.00_0.01,enc/cockroaches control.12]
[static.wixstatic.com/media/81af6121f84c41a5b4391d7d37fce12a.png/v1/fill/w_22,h_22,al_c,q_85,usm_0.66_1.00_0.01,enc_avif,quality_auto/81af6121f84c41a5b4391d7d37fce12a.png]
[static.wixstatic.com/media/8f6869_5623b71b34414c34b53c3ae7a8903f2b_mv2.png/v1/crop/x_570,y_93,w_860,h_1231/fill/w_258,h_369,al_c,q_85,usm_0.66_1.00_0.01,enc_/ants control.13.delaye]
[browser.sentry-cdn.com/7.120.3/bundle.tracing.es5.min.js]
[browser.sentry-cdn.com/7.120.3/modulemetadata.es5.min.js]
[static.wixstatic.com/media/11062b_70b1d0e0b1234cdda43318aa1194f84f_mv2.jpe/v1/crop/x_391,y_0,w_4217,h_3333/fill/w_898,h_510,al_c,q_85,usm_0.66_1.00_0.01,enc/Pest Control .14.delaye]
[cleanecotech8.wixsite.com/envelope/index.html]
[cleanecotech8.wixsite.com/sitemap.1a.delayed]
[cleanecotech8.wixsite.com/api/index.html]
[cleanecotech8.wixsite.com/feed.1b.delayed]
[static.parastorage.com/services/wix-thunderbolt/dist/thunderbolt-commons.068bf811.bundle.min.js]
[static.parastorage.com/services/wix-thunderbolt/dist/main.2179473a.bundle.min.js]
[static.parastorage.com/services/wix-thunderbolt/dist/main.renderer.f600e767.bundle.min.js]
[static.parastorage.com/unpkg/lodash@4.17.21/lodash.min.js]
[static.parastorage.com/unpkg/react@18.3.1/umd/react.production.min.js]
[static.parastorage.com/unpkg/react-dom@18.3.1/umd/react-dom.production.min.js]
[static.parastorage.com/services/wix-thunderbolt/dist/browser-deprecation.bundle.es5.js]
[cleanecotech8.wixsite.com/decodeURIComponent(e.23.delayed]
[cleanecotech8.wixsite.com/safe-guard-north-woo.html]
[cleanecotech8.wixsite.com/c.html]
[cleanecotech8.wixsite.com/t.html]
[cleanecotech8.wixsite.com/index.html]
[static.parastorage.com/services/tag-manager-client/1.1028.0/siteTags.bundle.min.js]
[cleanecotech8.wixsite.com/safe-guard-north-woo/c.25.delayed]
[cleanecotech8.wixsite.com/safe-guard-north-woo/t.26.delayed]
[static.wixstatic.com/media/a6249c1e34fc4b89bd1c1492cab7877f.jpg/v1/fill/w_72,h_41,al_c,q_80,usm_0.66_1.00_0.01,blur_2,enc_avif,quality_auto/a6249c1e34fc4b89bd1c1492cab7877f.jpg]
[cleanecotech8.wixsite.com/safe-guard-north-woo/robots.29.delayed]
[static.wixstatic.com/media/8f6869_5e1e6023159f4345be179dd1b5309fad_mv2.png/v1/fill/w_600,h_442,al_c,q_85,enc_avif,quality_auto/8f6869_5e1e6023159f4345be179dd1b5309fad_mv2.28.delaye]
[cleanecotech8.wixsite.com/safe-guard-north-woo/sitemap.2a.delayed]
[cleanecotech8.wixsite.com/safe-guard-north-woo/feed.2b.delayed]
[cleanecotech8.wixsite.com/safe-guard-north-woo/decodeURIComponent(e.2c.delayed]
[cleanecotech8.wixsite.com/safe-guard-north-woo/rat.html]
[static.wixstatic.com/media/a6249c1e34fc4b89bd1c1492cab7877f.jpg/v1/fill/w_70,h_39,al_c,q_80,usm_0.66_1.00_0.01,blur_2,enc_avif,quality_auto/a6249c1e34fc4b89bd1c1492cab7877f.jpg]
[cleanecotech8.wixsite.com/safe-guard-north-woo/copy-of-rat-mouse-control.html]
[cleanecotech8.wixsite.com/safe-guard-north-woo/copy-of-bedbug-flea-control.html]
[static.wixstatic.com/media/8f6869_b9ddc26f856e4a48b3d4eae4e13e3420_mv2.png/v1/fill/w_420,h_280,al_c,lg_1,q_85,enc_avif,quality_aut/8f6869_b9ddc26f856e4a48b3d4eae4e13e3420_mv2.2e.de]
[static.wixstatic.com/media/8f6869_56b4edb0819e43d7b05ff6a6dd072704_mv2.png/v1/fill/w_533,h_355,al_c,q_85,enc_avif,quality_auto/8f6869_56b4edb0819e43d7b05ff6a6dd072704_mv2.2f.delaye]
[static.wixstatic.com/media/a6249c1e34fc4b89bd1c1492cab7877f.jpg/v1/fill/w_78,h_44,al_c,q_80,usm_0.66_1.00_0.01,blur_2,enc_avif,quality_auto/a6249c1e34fc4b89bd1c1492cab7877f.jpg]
[cleanecotech8.wixsite.com/safe-guard-north-woo/copy-of-cockroach-control.html]
[cleanecotech8.wixsite.com/safe-guard-north-woo/copy-of-ant-insect-control.html]
[static.wixstatic.com/media/8f6869_853cfc919c234b319837dfa53b97c067_mv2.png/v1/fill/w_600,h_354,al_c,q_85,enc_avif,quality_auto/8f6869_853cfc919c234b319837dfa53b97c067_mv2.31.delaye]
[static.wixstatic.com/media/84770f_9298af226c7c4a908a201ec58e11bd9e_mv2.png/v1/fill/w_96,h_96,al_c,q_85,usm_0.66_1.00_0.01,blur_2,e/84770f_9298af226c7c4a908a201ec58e11bd9e_mv2.32.de]
[static.wixstatic.com/media/0fdef751204647a3bbd7eaa2827ed4f9.png/v1/fill/w_24,h_24,al_c,q_85,usm_0.66_1.00_0.01,enc_avif,quality_auto/0fdef751204647a3bbd7eaa2827ed4f9.png]
[static.wixstatic.com/media/c7d035ba85f6486680c2facedecdcf4d.png/v1/fill/w_24,h_24,al_c,q_85,usm_0.66_1.00_0.01,enc_avif,quality_auto/c7d035ba85f6486680c2facedecdcf4d.png]
[static.wixstatic.com/media/6ea5b4a88f0b4f91945b40499aa0af00.png/v1/fill/w_24,h_24,al_c,q_85,usm_0.66_1.00_0.01,enc_avif,quality_auto/6ea5b4a88f0b4f91945b40499aa0af00.png]
[static.wixstatic.com/media/11062b_70b1d0e0b1234cdda43318aa1194f84f_mv2.jpe/v1/fill/w_98,h_65,al_c,q_80,usm_0.66_1.00_0.01,blur_2,e/11062b_70b1d0e0b1234cdda43318aa1194f84f_mv2.33.de]
[static.wixstatic.com/media/01c3aff52f2a4dffa526d7a9843d46ea.png/v1/fill/w_24,h_24,al_c,q_85,usm_0.66_1.00_0.01,enc_avif,quality_auto/01c3aff52f2a4dffa526d7a9843d46ea.png]
[cleanecotech8.wixsite.com/safe-guard-north-woo/about-6.html]
[static.parastorage.com/services/editor-elements-library/dist/thunderbolt/media/sloppyframe.d2412ec4.png]
[cleanecotech8.wixsite.com/safe-guard-north-woo/contact-4.html]
[cleanecotech8.wixsite.com/api/index.html]
[cleanecotech8.wixsite.com/envelope/index.html]
[cleanecotech8.wixsite.com/sitemap.html]
[cleanecotech8.wixsite.com/feed.html]
[cleanecotech8.wixsite.com/decodeURIComponent(e.html]
[cleanecotech8.wixsite.com/safe-guard-north-woo/c.html]
[cleanecotech8.wixsite.com/safe-guard-north-woo/t.html]
[cleanecotech8.wixsite.com/safe-guard-north-woo/robots.html]
[cleanecotech8.wixsite.com/safe-guard-north-woo/sitemap.html]
[cleanecotech8.wixsite.com/safe-guard-north-woo/feed.html]
[cleanecotech8.wixsite.com/safe-guard-north-woo/decodeURIComponent(e.html]
[static.wixstatic.com/media/11062b_9316aa85b31d463ba1f194c0fb92ee44_mv2.jpg/v1/fill/w_71,h_47,al_c,q_80,usm_0.66_1.00_0.01,blur_2,e/11062b_9316aa85b31d463ba1f194c0fb92ee44_mv2.34.de]
[static.wixstatic.com/media/11062b_9316aa85b31d463ba1f194c0fb92ee44_mv2.jpg/v1/fill/w_123,h_82,al_c,q_80,usm_0.66_1.00_0.01,blur_2,/11062b_9316aa85b31d463ba1f194c0fb92ee44_mv2.3a.de]
